 
****************************************
Report : constraint
        -all_violators
Design : fifo1_sram
Version: Q-2019.12-SP3
Date   : Tue Apr 11 00:30:39 2023
****************************************


   max_delay/setup ('INPUTS' group)

                             Required        Actual
   Endpoint                 Path Delay     Path Delay        Slack
   -----------------------------------------------------------------
   wptr_full/wfull_reg/D        1.04           1.38 r        -0.34  (VIOLATED)
   rptr_empty/rempty_reg/D      1.08           1.41 f        -0.33  (VIOLATED)
   rptr_empty/rptr_reg_1_/D     1.06           1.20 f        -0.14  (VIOLATED)
   rptr_empty/rptr_reg_5_/D     1.06           1.19 f        -0.13  (VIOLATED)
   wptr_full/wptr_reg_2_/D      1.01           1.14 f        -0.13  (VIOLATED)
   wptr_full/wptr_reg_9_/D      1.02           1.14 f        -0.13  (VIOLATED)
   wdata_reg_0_/D               0.40           0.53 r        -0.12  (VIOLATED)
   wdata_reg_7_/D               0.43           0.55 f        -0.12  (VIOLATED)
   wdata_reg_5_/D               0.41           0.53 r        -0.11  (VIOLATED)
   wdata_reg_4_/D               0.41           0.53 r        -0.11  (VIOLATED)
   wdata_reg_1_/D               0.41           0.53 r        -0.11  (VIOLATED)
   wdata_reg_3_/D               0.41           0.52 r        -0.11  (VIOLATED)
   wdata_reg_2_/D               0.41           0.52 r        -0.11  (VIOLATED)
   wdata_reg_6_/D               0.41           0.52 r        -0.11  (VIOLATED)
   rptr_empty/rptr_reg_8_/D     1.06           1.16 r        -0.09  (VIOLATED)
   wptr_full/wptr_reg_7_/D      1.02           1.10 f        -0.09  (VIOLATED)
   rptr_empty/rptr_reg_0_/D     1.06           1.14 f        -0.08  (VIOLATED)
   wptr_full/wptr_reg_8_/D      1.02           1.09 f        -0.07  (VIOLATED)
   rptr_empty/rptr_reg_9_/D     1.07           1.12 r        -0.06  (VIOLATED)
   wptr_full/wptr_reg_6_/D      1.03           1.08 f        -0.05  (VIOLATED)
   rptr_empty/rptr_reg_3_/D     1.06           1.11 f        -0.05  (VIOLATED)
   rptr_empty/rptr_reg_2_/D     1.05           1.10 f        -0.05  (VIOLATED)
   rptr_empty/rptr_reg_6_/D     1.05           1.09 f        -0.04  (VIOLATED)
   rptr_empty/rptr_reg_7_/D     1.07           1.10 r        -0.03  (VIOLATED)
   wptr_full/wptr_reg_1_/D      1.01           1.04 f        -0.03  (VIOLATED)
   wptr_full/wptr_reg_3_/D      1.02           1.03 f        -0.01  (VIOLATED)


   max_delay/setup ('OUTPUTS' group)

                             Required        Actual
   Endpoint                 Path Delay     Path Delay        Slack
   -----------------------------------------------------------------
   rdata[7]                     1.75           2.17 f        -0.42  (VIOLATED)
   rdata[4]                     1.75           2.16 f        -0.41  (VIOLATED)
   rdata[5]                     1.75           2.16 f        -0.41  (VIOLATED)
   rdata[2]                     1.75           2.16 f        -0.41  (VIOLATED)
   rdata[0]                     1.75           2.16 f        -0.41  (VIOLATED)
   rdata[6]                     1.75           2.14 f        -0.39  (VIOLATED)
   rdata[1]                     1.75           2.14 f        -0.39  (VIOLATED)
   rdata[3]                     1.75           2.12 r        -0.37  (VIOLATED)
   rempty                       1.75           2.09 f        -0.34  (VIOLATED)
   wfull                        1.71           1.99 f        -0.28  (VIOLATED)


   max_delay/setup ('rclk' group)

                             Required        Actual
   Endpoint                 Path Delay     Path Delay        Slack
   -----------------------------------------------------------------
   rptr_empty/rempty_reg/D      1.08           1.39 f        -0.31  (VIOLATED)
   rptr_empty/rptr_reg_5_/D     1.06           1.22 f        -0.16  (VIOLATED)
   rptr_empty/rptr_reg_1_/D     1.06           1.17 f        -0.11  (VIOLATED)
   rptr_empty/rptr_reg_8_/D     1.06           1.17 f        -0.11  (VIOLATED)
   rptr_empty/rptr_reg_9_/D     1.07           1.15 r        -0.08  (VIOLATED)
   rptr_empty/rptr_reg_6_/D     1.05           1.12 f        -0.06  (VIOLATED)
   rptr_empty/rptr_reg_7_/D     1.07           1.12 r        -0.05  (VIOLATED)
   rptr_empty/rptr_reg_0_/D     1.06           1.10 f        -0.04  (VIOLATED)
   rptr_empty/rptr_reg_2_/D     1.05           1.08 f        -0.03  (VIOLATED)
   rptr_empty/rptr_reg_3_/D     1.06           1.08 f        -0.03  (VIOLATED)


   max_delay/setup ('wclk' group)

                             Required        Actual
   Endpoint                 Path Delay     Path Delay        Slack
   -----------------------------------------------------------------
   wptr_full/wfull_reg/D        1.04           1.45 r        -0.40  (VIOLATED)
   wptr_full/wptr_reg_9_/D      1.02           1.24 f        -0.23  (VIOLATED)
   wptr_full/wptr_reg_7_/D      1.02           1.17 f        -0.15  (VIOLATED)
   wptr_full/wptr_reg_6_/D      1.03           1.18 f        -0.15  (VIOLATED)
   wptr_full/wptr_reg_2_/D      1.01           1.16 f        -0.15  (VIOLATED)
   wptr_full/wptr_reg_8_/D      1.02           1.15 f        -0.13  (VIOLATED)
   wptr_full/wptr_reg_3_/D      1.02           1.11 f        -0.09  (VIOLATED)
   wptr_full/wptr_reg_4_/D      1.02           1.10 f        -0.08  (VIOLATED)
   wptr_full/wbin_reg_9_/D      1.02           1.09 f        -0.07  (VIOLATED)
   wptr_full/wptr_reg_5_/D      1.03           1.09 f        -0.06  (VIOLATED)
   wptr_full/wbin_reg_10_/D     1.03           1.06 r        -0.03  (VIOLATED)
   wptr_full/wptr_reg_1_/D      1.01           1.02 f        -0.01  (VIOLATED)


   max_transition

                             Required        Actual
   Net                      Transition     Transition        Slack
   -----------------------------------------------------------------
   rdata[1]                     0.50           0.90          -0.40  (VIOLATED)
       PORT :  rdata[1]         0.50           0.90          -0.40  (VIOLATED)
   rdata[0]                     0.50           0.90          -0.40  (VIOLATED)
       PORT :  rdata[0]         0.50           0.90          -0.40  (VIOLATED)
   rdata[4]                     0.50           0.89          -0.39  (VIOLATED)
       PORT :  rdata[4]         0.50           0.89          -0.39  (VIOLATED)
   wfull                        0.50           0.89          -0.39  (VIOLATED)
       PORT :  wfull            0.50           0.89          -0.39  (VIOLATED)
   rdata[5]                     0.50           0.89          -0.39  (VIOLATED)
       PORT :  rdata[5]         0.50           0.89          -0.39  (VIOLATED)
   rempty                       0.50           0.89          -0.39  (VIOLATED)
       PORT :  rempty           0.50           0.89          -0.39  (VIOLATED)
   rdata[3]                     0.50           0.89          -0.39  (VIOLATED)
       PORT :  rdata[3]         0.50           0.89          -0.39  (VIOLATED)
   rdata[7]                     0.50           0.89          -0.39  (VIOLATED)
       PORT :  rdata[7]         0.50           0.89          -0.39  (VIOLATED)
   rdata[2]                     0.50           0.89          -0.39  (VIOLATED)
       PORT :  rdata[2]         0.50           0.89          -0.39  (VIOLATED)
   rdata[6]                     0.50           0.89          -0.39  (VIOLATED)
       PORT :  rdata[6]         0.50           0.89          -0.39  (VIOLATED)
   n60                          0.33           0.54          -0.22  (VIOLATED)
       PIN :   U33/Y            0.33           0.54          -0.22  (VIOLATED)
       PIN :   fifomem/genblk1_4__U/WEB1
                                0.50           0.54          -0.04  (VIOLATED)
       PIN :   fifomem/genblk1_2__U/WEB1
                                0.50           0.54          -0.04  (VIOLATED)
       PIN :   fifomem/genblk1_5__U/WEB1
                                0.50           0.54          -0.04  (VIOLATED)
       PIN :   fifomem/genblk1_3__U/WEB1
                                0.50           0.54          -0.04  (VIOLATED)
       PIN :   fifomem/genblk1_1__U/WEB1
                                0.50           0.54          -0.04  (VIOLATED)
       PIN :   fifomem/genblk1_0__U/WEB1
                                0.50           0.54          -0.04  (VIOLATED)
       PIN :   fifomem/genblk1_7__U/WEB1
                                0.50           0.54          -0.04  (VIOLATED)
       PIN :   fifomem/genblk1_6__U/WEB1
                                0.50           0.54          -0.04  (VIOLATED)
   wptr_full/n106               0.16           0.18          -0.02  (VIOLATED)
       PIN :   wptr_full/wbin_reg_10_/QN
                                0.16           0.18          -0.02  (VIOLATED)
   n41                          0.16           0.18          -0.02  (VIOLATED)
       PIN :   rptr_empty/rbin_reg_4_/QN
                                0.16           0.18          -0.02  (VIOLATED)
   rptr_empty/n44               0.13           0.14           0.00  (VIOLATED: increase significant digits)

   -----------------------------------------------------------------
   Total                      14                 -4.20  

   max_capacitance

                             Required        Actual
   Net                      Capacitance    Capacitance       Slack
   -----------------------------------------------------------------
   n60                         32.00          83.51         -51.51  (VIOLATED)
   n58                         64.00          97.96         -33.96  (VIOLATED)
   n42                         82.00         103.82         -21.82  (VIOLATED)
   n35                         64.00          84.95         -20.95  (VIOLATED)
   waddr[7]                    16.00          23.59          -7.59  (VIOLATED)
   raddr[9]                    16.00          22.15          -6.15  (VIOLATED)
   fifomem/n52                 25.00          30.73          -5.73  (VIOLATED)
   wq2_rptr[10]                16.00          20.82          -4.82  (VIOLATED)
   rptr_empty/n44              16.00          19.96          -3.96  (VIOLATED)
   wptr_full/n106              16.00          19.63          -3.63  (VIOLATED)
   n41                         16.00          19.28          -3.28  (VIOLATED)
   wq2_rptr[9]                 16.00          19.26          -3.26  (VIOLATED)
   wptr_full/n316              16.00          17.85          -1.85  (VIOLATED)
   rptr_empty/n163             16.00          17.40          -1.40  (VIOLATED)
   wptr_full/n131              16.00          17.01          -1.01  (VIOLATED)
   io_l_rdata_1__net           32.00          32.44          -0.44  (VIOLATED)
   wptr[2]                     16.00          16.36          -0.36  (VIOLATED)
   rq2_wptr[9]                 16.00          16.23          -0.23  (VIOLATED)
   fifomem/N16                  8.00           8.20          -0.20  (VIOLATED)
   rptr[5]                     16.00          16.02          -0.02  (VIOLATED)

   -----------------------------------------------------------------
   Total                      20               -172.16  

   max_leakage_power

                             Required        Actual
   Design                   Leakage Power  Leakage Power     Slack
   -----------------------------------------------------------------
   fifo1_sram                   0.00       1361007872.00  -1361007872.00
                                                                    (VIOLATED)


1
