****************************************
Report : analysis_coverage
Design : fifo1_sram
Version: O-2018.06
Date   : Tue Apr 11 00:59:34 2023
****************************************

Type of Check         Total              Met         Violated         Untested
--------------------------------------------------------------------------------
setup                   516       273 ( 53%)         9 (  2%)       234 ( 45%)
hold                    484         0 (  0%)         0 (  0%)       484 (100%)
recovery                 96        44 ( 46%)         0 (  0%)        52 ( 54%)
removal                  96         0 (  0%)         0 (  0%)        96 (100%)
min_pulse_width         288       192 ( 67%)         0 (  0%)        96 ( 33%)
out_setup                10         0 (  0%)        10 (100%)         0 (  0%)
out_hold                 10         0 (  0%)         0 (  0%)        10 (100%)
--------------------------------------------------------------------------------
All Checks             1500       509 ( 34%)        19 (  1%)       972 ( 65%)

1
